
> frontend@0.1.0 dev
> next dev

▲ Next.js 16.3.3 (Turbopack)
- Local:         http://localhost:3000
- Network:       http://172.22.80.1:3000
✓ Ready in 1664ms
✓ Running next.config.ts took 73ms
- Experiments (use with caution):
  · optimizePackageImports
  · proxyClientMaxBodySize: "500mb"
  · serverActions

○ Compiling /[locale] ...
 GET / 200 in 11.2s (next.js: 9.6s, proxy.ts: 171ms, generate-params: 669ms, application-code: 748ms)
 GET /api/backend/auth/me 502 in 949ms (next.js: 911ms, application-code: 37ms)
 GET / 200 in 114ms (next.js: 14ms, proxy.ts: 7ms, generate-params: 9ms, application-code: 84ms)
 GET / 200 in 159ms (next.js: 13ms, proxy.ts: 5ms, generate-params: 5ms, application-code: 135ms)
 GET /api/backend/auth/me 502 in 33ms (next.js: 15ms, application-code: 18ms)
 GET /api/backend/auth/me 502 in 25ms (next.js: 11ms, application-code: 14ms)
 GET / 200 in 99ms (next.js: 10ms, proxy.ts: 7ms, generate-params: 6ms, application-code: 77ms)
 GET / 200 in 74ms (next.js: 8ms, proxy.ts: 5ms, generate-params: 5ms, application-code: 55ms)
 GET /ru 200 in 98ms (next.js: 10ms, proxy.ts: 5ms, generate-params: 6ms, application-code: 78ms)
 GET /api/backend/auth/me 502 in 21ms (next.js: 10ms, application-code: 11ms)
 GET /api/backend/auth/me 502 in 22ms (next.js: 8ms, application-code: 15ms)
 GET /api/backend/auth/me 502 in 20ms (next.js: 10ms, application-code: 9ms)
 GET /ru 200 in 187ms (next.js: 7ms, proxy.ts: 6ms, generate-params: 7ms, application-code: 167ms)
 GET /api/backend/auth/me 502 in 25ms (next.js: 12ms, application-code: 14ms)
 GET /api/backend/auth/me 502 in 24ms (next.js: 10ms, application-code: 14ms)
 GET /api/backend/auth/me 502 in 24ms (next.js: 12ms, application-code: 12ms)
 GET /en 200 in 130ms (next.js: 11ms, proxy.ts: 6ms, generate-params: 7ms, application-code: 107ms)
 GET /api/backend/auth/me 502 in 38ms (next.js: 22ms, application-code: 16ms)
 GET /api/backend/auth/me 502 in 25ms (next.js: 11ms, application-code: 14ms)
 GET /api/backend/auth/me 502 in 25ms (next.js: 10ms, application-code: 15ms)
 GET /en/login 200 in 736ms (next.js: 79ms, proxy.ts: 4ms, generate-params: 613ms, application-code: 40ms)
 POST /api/auth/login 502 in 89ms (next.js: 71ms, application-code: 17ms)
 POST /api/auth/login 502 in 16ms (next.js: 4ms, application-code: 12ms)
 GET /en/login 200 in 207ms (next.js: 8ms, proxy.ts: 5ms, generate-params: 10ms, application-code: 184ms)
 GET /en/login 200 in 107ms (next.js: 10ms, proxy.ts: 4ms, generate-params: 0.0ms, application-code: 93ms)
 GET /en/login 200 in 120ms (next.js: 11ms, proxy.ts: 10ms, generate-params: 9ms, application-code: 91ms)
 POST /api/auth/login 502 in 19ms (next.js: 4ms, application-code: 14ms)
 POST /api/auth/login 200 in 233ms (next.js: 6ms, application-code: 227ms)
 GET /en/dashboard 200 in 849ms (next.js: 60ms, proxy.ts: 5ms, generate-params: 620ms, application-code: 163ms)
 POST /api/auth/login 200 in 122ms (next.js: 6ms, application-code: 116ms)
 GET /api/backend/auth/me 200 in 76ms (next.js: 30ms, application-code: 46ms)
 GET /api/backend/stats/income?months=6 200 in 117ms (next.js: 16ms, application-code: 101ms)
 GET /api/backend/stats/dashboard 200 in 245ms (next.js: 7ms, application-code: 238ms)
 GET /en/attendance 200 in 556ms (next.js: 32ms, proxy.ts: 6ms, generate-params: 492ms, application-code: 27ms)
 GET /api/backend/groups 200 in 34ms (next.js: 11ms, application-code: 23ms)
 GET /api/backend/attendance?groupId=67ef2f59-9ac5-4b62-a985-a4fba427b2d3&month=2026-08 200 in 40ms (next.js: 6ms, application-code: 33ms)
 GET /api/backend/groups/67ef2f59-9ac5-4b62-a985-a4fba427b2d3 200 in 61ms (next.js: 23ms, application-code: 38ms)
 PUT /api/backend/attendance/bulk 200 in 49ms (next.js: 13ms, application-code: 36ms)
 PUT /api/backend/attendance/bulk 200 in 17ms (next.js: 2ms, application-code: 15ms)
 PUT /api/backend/attendance/bulk 200 in 24ms (next.js: 3ms, application-code: 21ms)
 PUT /api/backend/attendance/bulk 200 in 27ms (next.js: 10ms, application-code: 16ms)
 PUT /api/backend/attendance/bulk 200 in 20ms (next.js: 4ms, application-code: 17ms)
 PUT /api/backend/attendance/bulk 200 in 34ms (next.js: 10ms, application-code: 24ms)
✓ Compiled in 220ms
 GET /en/attendance 200 in 103ms (next.js: 15ms, proxy.ts: 7ms, generate-params: 9ms, application-code: 72ms)
 GET /en/attendance 200 in 50ms (next.js: 10ms, proxy.ts: 4ms, generate-params: 4ms, application-code: 31ms)
✓ Compiled in 137ms
 GET /en/dashboard 200 in 39ms (next.js: 8ms, proxy.ts: 5ms, generate-params: 5ms, application-code: 21ms)
 GET /api/backend/auth/me 200 in 86ms (next.js: 15ms, application-code: 71ms)
 GET /api/backend/stats/income?months=6 200 in 65ms (next.js: 25ms, application-code: 40ms)
 GET /api/backend/stats/dashboard 200 in 98ms (next.js: 33ms, application-code: 65ms)
 GET /en/dashboard 200 in 55ms (next.js: 9ms, proxy.ts: 5ms, generate-params: 9ms, application-code: 32ms)
 GET /en/dashboard 200 in 47ms (next.js: 9ms, proxy.ts: 3ms, generate-params: 5ms, application-code: 29ms)
 GET /en/dashboard 200 in 54ms (next.js: 14ms, proxy.ts: 8ms, generate-params: 5ms, application-code: 27ms)
✓ Compiled in 6.9s
 GET /en/dashboard 200 in 45ms (next.js: 9ms, proxy.ts: 3ms, generate-params: 4ms, application-code: 28ms)
✓ Compiled in 527ms
 GET /en/dashboard 200 in 100ms (next.js: 10ms, proxy.ts: 4ms, generate-params: 5ms, application-code: 81ms)
 GET /api/backend/auth/me 200 in 58ms (next.js: 12ms, application-code: 46ms)
 GET /api/backend/stats/income?months=6 200 in 52ms (next.js: 17ms, application-code: 34ms)
 GET /api/backend/stats/dashboard 200 in 57ms (next.js: 5ms, application-code: 52ms)
 GET /en 200 in 142ms (next.js: 12ms, proxy.ts: 3ms, generate-params: 5ms, application-code: 121ms)
 GET /ru 200 in 105ms (next.js: 13ms, proxy.ts: 4ms, generate-params: 6ms, application-code: 82ms)
 GET /ru/dashboard 200 in 57ms (next.js: 11ms, proxy.ts: 4ms, generate-params: 8ms, application-code: 35ms)
 POST /api/auth/logout 200 in 147ms (next.js: 69ms, application-code: 77ms)
 GET /ru/login 200 in 101ms (next.js: 12ms, proxy.ts: 7ms, generate-params: 8ms, application-code: 73ms)
 GET /api/backend/auth/me 401 in 40ms (next.js: 22ms, application-code: 19ms)
 GET /ru/login?next=%2Fru%2Fdashboard 200 in 96ms (next.js: 14ms, proxy.ts: 7ms, generate-params: 8ms, application-code: 67ms)
 GET /en/login?next=%2Fen%2Fdashboard 200 in 112ms (next.js: 13ms, proxy.ts: 8ms, generate-params: 9ms, application-code: 83ms)
 GET /en/login?next=%2Fen%2Fattendance 200 in 150ms (next.js: 16ms, proxy.ts: 14ms, generate-params: 11ms, application-code: 109ms)
 GET / 200 in 153ms (next.js: 7ms, proxy.ts: 5ms, generate-params: 4ms, application-code: 137ms)
 GET /en 200 in 88ms (next.js: 9ms, proxy.ts: 5ms, generate-params: 7ms, application-code: 66ms)
 GET /api/backend/auth/me 401 in 41ms (next.js: 14ms, application-code: 27ms)
 GET /en/login?next=%2Fen 200 in 117ms (next.js: 12ms, proxy.ts: 6ms, generate-params: 8ms, application-code: 91ms)
 GET /en 200 in 136ms (next.js: 8ms, proxy.ts: 5ms, generate-params: 6ms, application-code: 116ms)
 GET /api/backend/auth/me 401 in 31ms (next.js: 14ms, application-code: 16ms)
 GET /en/login?next=%2Fen 200 in 111ms (next.js: 12ms, proxy.ts: 6ms, generate-params: 9ms, application-code: 84ms)
 GET /en 200 in 80ms (next.js: 10ms, proxy.ts: 4ms, generate-params: 6ms, application-code: 59ms)
 GET /api/backend/auth/me 401 in 26ms (next.js: 10ms, application-code: 15ms)
 GET /en/login?next=%2Fen 200 in 124ms (next.js: 10ms, proxy.ts: 5ms, generate-params: 8ms, application-code: 100ms)
 GET /en/login?next=%2Fen 200 in 87ms (next.js: 8ms, proxy.ts: 4ms, generate-params: 6ms, application-code: 68ms)
 GET /en 200 in 96ms (next.js: 8ms, proxy.ts: 5ms, generate-params: 8ms, application-code: 75ms)
 GET /api/backend/auth/me 401 in 27ms (next.js: 11ms, application-code: 17ms)
 GET /en/login?next=%2Fen 200 in 124ms (next.js: 13ms, proxy.ts: 5ms, generate-params: 7ms, application-code: 99ms)
 POST /api/auth/login 200 in 207ms (next.js: 44ms, application-code: 163ms)
 GET /en 200 in 147ms (next.js: 8ms, proxy.ts: 4ms, generate-params: 7ms, application-code: 129ms)
 GET /api/backend/auth/me 200 in 41ms (next.js: 12ms, application-code: 29ms)
 GET /en/dashboard 200 in 51ms (next.js: 9ms, proxy.ts: 4ms, generate-params: 5ms, application-code: 33ms)
 GET /api/backend/stats/income?months=6 200 in 124ms (next.js: 22ms, application-code: 102ms)
 GET /api/backend/stats/dashboard 200 in 153ms (next.js: 13ms, application-code: 140ms)
○ Compiling /[locale]/settings ...
 GET /en/settings 200 in 23.1s (next.js: 22.6s, proxy.ts: 6ms, generate-params: 417ms, application-code: 41ms)
 GET /en/settings 200 in 829ms (next.js: 361ms, proxy.ts: 3ms, generate-params: 433ms, application-code: 31ms)
 GET /api/backend/settings 200 in 45ms (next.js: 25ms, application-code: 20ms)
